2.322449
2.095937
2.722409
1.384682
3.228622
3.538502
3.492046
3.743092
2.186183
1.396053
3.423681
2.483737
4.243399
3.429673
-1.411077
1.846300
-0.898292
0.569108
-2.632402
2.156390
-1.222992
1.442527
3.127060
5.655657
6.674999
5.967252
1.128573
11.226871
2.483074
2.492188
4.631285
11.367673
4.576846
0.267701
-12.542358
10.515075
-0.207334
0.234875
10.402882
6.379577
8.399652
6.013007
4.445026
3.695339
6.434185
2.016080
1.439648
9.239595
-1.489647
-1.422903
-0.422287
18.115035
6.240195
8.132545
3.701569
3.783037
1.900616
6.932766
5.248364
934.481358
47.753574
3563.273947
479.917847
18978.008005
2594.278190
55.163608
2.741416
-24.423716
6.051178
1.031371
-0.608966
-10.341307
-5.233282
14.034195
8.471378
15.305457
5.404614
5.959479
23.345312
1.617755
3.902590
4.261123
4.159941
5.075219
2.639780
4.547381
5.396233
